Copyright 1986-2022 Xilinx, Inc. All Rights Reserved. Copyright 2022-2023 Advanced Micro Devices, Inc. All Rights Reserved.
------------------------------------------------------------------------------------------------------------------------------------------------------------------------------------------------------------------------------------
| Tool Version : Vivado v.2023.2 (win64) Build 4029153 Fri Oct 13 20:14:34 MDT 2023
| Date         : Sat May 18 14:29:41 2024
| Host         : DESKTOP-U80REAT running 64-bit major release  (build 9200)
| Command      : report_timing_summary -max_paths 10 -report_unconstrained -file binary_to_bcd_timing_summary_routed.rpt -pb binary_to_bcd_timing_summary_routed.pb -rpx binary_to_bcd_timing_summary_routed.rpx -warn_on_violation
| Design       : binary_to_bcd
| Device       : 7a100t-csg324
| Speed File   : -1  PRODUCTION 1.23 2018-06-13
| Design State : Routed
------------------------------------------------------------------------------------------------------------------------------------------------------------------------------------------------------------------------------------

Timing Summary Report

------------------------------------------------------------------------------------------------
| Timer Settings
| --------------
------------------------------------------------------------------------------------------------

  Enable Multi Corner Analysis               :  Yes
  Enable Pessimism Removal                   :  Yes
  Pessimism Removal Resolution               :  Nearest Common Node
  Enable Input Delay Default Clock           :  No
  Enable Preset / Clear Arcs                 :  No
  Disable Flight Delays                      :  No
  Ignore I/O Paths                           :  No
  Timing Early Launch at Borrowing Latches   :  No
  Borrow Time for Max Delay Exceptions       :  Yes
  Merge Timing Exceptions                    :  Yes
  Inter-SLR Compensation                     :  Conservative

  Corner  Analyze    Analyze    
  Name    Max Paths  Min Paths  
  ------  ---------  ---------  
  Slow    Yes        Yes        
  Fast    Yes        Yes        


------------------------------------------------------------------------------------------------
| Report Methodology
| ------------------
------------------------------------------------------------------------------------------------

No report available as report_methodology has not been run prior. Run report_methodology on the current design for the summary of methodology violations.



check_timing report

Table of Contents
-----------------
1. checking no_clock (0)
2. checking constant_clock (0)
3. checking pulse_width_clock (0)
4. checking unconstrained_internal_endpoints (0)
5. checking no_input_delay (0)
6. checking no_output_delay (0)
7. checking multiple_clock (0)
8. checking generated_clocks (0)
9. checking loops (0)
10. checking partial_input_delay (0)
11. checking partial_output_delay (0)
12. checking latch_loops (0)

1. checking no_clock (0)
------------------------
 There are 0 register/latch pins with no clock.


2. checking constant_clock (0)
------------------------------
 There are 0 register/latch pins with constant_clock.


3. checking pulse_width_clock (0)
---------------------------------
 There are 0 register/latch pins which need pulse_width check


4. checking unconstrained_internal_endpoints (0)
------------------------------------------------
 There are 0 pins that are not constrained for maximum delay.

 There are 0 pins that are not constrained for maximum delay due to constant clock.


5. checking no_input_delay (0)
------------------------------
 There are 0 input ports with no input delay specified.

 There are 0 input ports with no input delay but user has a false path constraint.


6. checking no_output_delay (0)
-------------------------------
 There are 0 ports with no output delay specified.

 There are 0 ports with no output delay but user has a false path constraint

 There are 0 ports with no output delay but with a timing clock defined on it or propagating through it


7. checking multiple_clock (0)
------------------------------
 There are 0 register/latch pins with multiple clocks.


8. checking generated_clocks (0)
--------------------------------
 There are 0 generated clocks that are not connected to a clock source.


9. checking loops (0)
---------------------
 There are 0 combinational loops in the design.


10. checking partial_input_delay (0)
------------------------------------
 There are 0 input ports with partial input delay specified.


11. checking partial_output_delay (0)
-------------------------------------
 There are 0 ports with partial output delay specified.


12. checking latch_loops (0)
----------------------------
 There are 0 combinational latch loops in the design through latch input



------------------------------------------------------------------------------------------------
| Design Timing Summary
| ---------------------
------------------------------------------------------------------------------------------------

    WNS(ns)      TNS(ns)  TNS Failing Endpoints  TNS Total Endpoints      WHS(ns)      THS(ns)  THS Failing Endpoints  THS Total Endpoints     WPWS(ns)     TPWS(ns)  TPWS Failing Endpoints  TPWS Total Endpoints  
    -------      -------  ---------------------  -------------------      -------      -------  ---------------------  -------------------     --------     --------  ----------------------  --------------------  
        inf        0.000                      0                   10          inf        0.000                      0                   10           NA           NA                      NA                    NA  


There are no user specified timing constraints.


------------------------------------------------------------------------------------------------
| Clock Summary
| -------------
------------------------------------------------------------------------------------------------


------------------------------------------------------------------------------------------------
| Intra Clock Table
| -----------------
------------------------------------------------------------------------------------------------

Clock             WNS(ns)      TNS(ns)  TNS Failing Endpoints  TNS Total Endpoints      WHS(ns)      THS(ns)  THS Failing Endpoints  THS Total Endpoints     WPWS(ns)     TPWS(ns)  TPWS Failing Endpoints  TPWS Total Endpoints  
-----             -------      -------  ---------------------  -------------------      -------      -------  ---------------------  -------------------     --------     --------  ----------------------  --------------------  


------------------------------------------------------------------------------------------------
| Inter Clock Table
| -----------------
------------------------------------------------------------------------------------------------

From Clock    To Clock          WNS(ns)      TNS(ns)  TNS Failing Endpoints  TNS Total Endpoints      WHS(ns)      THS(ns)  THS Failing Endpoints  THS Total Endpoints  
----------    --------          -------      -------  ---------------------  -------------------      -------      -------  ---------------------  -------------------  


------------------------------------------------------------------------------------------------
| Other Path Groups Table
| -----------------------
------------------------------------------------------------------------------------------------

Path Group    From Clock    To Clock          WNS(ns)      TNS(ns)  TNS Failing Endpoints  TNS Total Endpoints      WHS(ns)      THS(ns)  THS Failing Endpoints  THS Total Endpoints  
----------    ----------    --------          -------      -------  ---------------------  -------------------      -------      -------  ---------------------  -------------------  


------------------------------------------------------------------------------------------------
| User Ignored Path Table
| -----------------------
------------------------------------------------------------------------------------------------

Path Group    From Clock    To Clock    
----------    ----------    --------    


------------------------------------------------------------------------------------------------
| Unconstrained Path Table
| ------------------------
------------------------------------------------------------------------------------------------

Path Group    From Clock    To Clock    
----------    ----------    --------    
(none)                                    


------------------------------------------------------------------------------------------------
| Timing Details
| --------------
------------------------------------------------------------------------------------------------


--------------------------------------------------------------------------------------
Path Group:  (none)
From Clock:  
  To Clock:  

Max Delay            10 Endpoints
Min Delay            10 Endpoints
--------------------------------------------------------------------------------------


Max Delay Paths
--------------------------------------------------------------------------------------
Slack:                    inf
  Source:                 bin[6]
                            (input port)
  Destination:            bcd[2]
                            (output port)
  Path Group:             (none)
  Path Type:              Max at Slow Process Corner
  Data Path Delay:        11.006ns  (logic 5.525ns (50.197%)  route 5.481ns (49.803%))
  Logic Levels:           4  (IBUF=1 LUT5=1 LUT6=1 OBUF=1)

    Location             Delay type                Incr(ns)  Path(ns)    Netlist Resource(s)
  -------------------------------------------------------------------    -------------------
    U18                                               0.000     0.000 r  bin[6] (IN)
                         net (fo=0)                   0.000     0.000    bin[6]
    U18                  IBUF (Prop_ibuf_I_O)         1.494     1.494 r  bin_IBUF[6]_inst/O
                         net (fo=8, routed)           1.867     3.361    bin_IBUF[6]
    SLICE_X0Y77          LUT5 (Prop_lut5_I4_O)        0.152     3.513 r  bcd_OBUF[4]_inst_i_4/O
                         net (fo=4, routed)           0.962     4.475    p_5_in
    SLICE_X0Y83          LUT6 (Prop_lut6_I0_O)        0.326     4.801 r  bcd_OBUF[2]_inst_i_1/O
                         net (fo=1, routed)           2.652     7.453    bcd_OBUF[2]
    J13                  OBUF (Prop_obuf_I_O)         3.553    11.006 r  bcd_OBUF[2]_inst/O
                         net (fo=0)                   0.000    11.006    bcd[2]
    J13                                                               r  bcd[2] (OUT)
  -------------------------------------------------------------------    -------------------

Slack:                    inf
  Source:                 bin[6]
                            (input port)
  Destination:            bcd[1]
                            (output port)
  Path Group:             (none)
  Path Type:              Max at Slow Process Corner
  Data Path Delay:        10.604ns  (logic 5.507ns (51.935%)  route 5.097ns (48.065%))
  Logic Levels:           4  (IBUF=1 LUT5=1 LUT6=1 OBUF=1)

    Location             Delay type                Incr(ns)  Path(ns)    Netlist Resource(s)
  -------------------------------------------------------------------    -------------------
    U18                                               0.000     0.000 r  bin[6] (IN)
                         net (fo=0)                   0.000     0.000    bin[6]
    U18                  IBUF (Prop_ibuf_I_O)         1.494     1.494 r  bin_IBUF[6]_inst/O
                         net (fo=8, routed)           1.867     3.361    bin_IBUF[6]
    SLICE_X0Y77          LUT5 (Prop_lut5_I4_O)        0.152     3.513 r  bcd_OBUF[4]_inst_i_4/O
                         net (fo=4, routed)           0.973     4.486    p_5_in
    SLICE_X0Y83          LUT6 (Prop_lut6_I5_O)        0.326     4.812 r  bcd_OBUF[1]_inst_i_1/O
                         net (fo=1, routed)           2.257     7.069    bcd_OBUF[1]
    K15                  OBUF (Prop_obuf_I_O)         3.535    10.604 r  bcd_OBUF[1]_inst/O
                         net (fo=0)                   0.000    10.604    bcd[1]
    K15                                                               r  bcd[1] (OUT)
  -------------------------------------------------------------------    -------------------

Slack:                    inf
  Source:                 bin[6]
                            (input port)
  Destination:            bcd[4]
                            (output port)
  Path Group:             (none)
  Path Type:              Max at Slow Process Corner
  Data Path Delay:        10.218ns  (logic 5.524ns (54.058%)  route 4.695ns (45.942%))
  Logic Levels:           4  (IBUF=1 LUT5=1 LUT6=1 OBUF=1)

    Location             Delay type                Incr(ns)  Path(ns)    Netlist Resource(s)
  -------------------------------------------------------------------    -------------------
    U18                                               0.000     0.000 r  bin[6] (IN)
                         net (fo=0)                   0.000     0.000    bin[6]
    U18                  IBUF (Prop_ibuf_I_O)         1.494     1.494 r  bin_IBUF[6]_inst/O
                         net (fo=8, routed)           1.867     3.361    bin_IBUF[6]
    SLICE_X0Y77          LUT5 (Prop_lut5_I4_O)        0.152     3.513 r  bcd_OBUF[4]_inst_i_4/O
                         net (fo=4, routed)           0.962     4.475    p_5_in
    SLICE_X0Y83          LUT6 (Prop_lut6_I4_O)        0.326     4.801 r  bcd_OBUF[4]_inst_i_1/O
                         net (fo=1, routed)           1.865     6.667    bcd_OBUF[4]
    R18                  OBUF (Prop_obuf_I_O)         3.552    10.218 r  bcd_OBUF[4]_inst/O
                         net (fo=0)                   0.000    10.218    bcd[4]
    R18                                                               r  bcd[4] (OUT)
  -------------------------------------------------------------------    -------------------

Slack:                    inf
  Source:                 bin[6]
                            (input port)
  Destination:            bcd[3]
                            (output port)
  Path Group:             (none)
  Path Type:              Max at Slow Process Corner
  Data Path Delay:        10.053ns  (logic 5.523ns (54.936%)  route 4.530ns (45.064%))
  Logic Levels:           4  (IBUF=1 LUT5=1 LUT6=1 OBUF=1)

    Location             Delay type                Incr(ns)  Path(ns)    Netlist Resource(s)
  -------------------------------------------------------------------    -------------------
    U18                                               0.000     0.000 r  bin[6] (IN)
                         net (fo=0)                   0.000     0.000    bin[6]
    U18                  IBUF (Prop_ibuf_I_O)         1.494     1.494 r  bin_IBUF[6]_inst/O
                         net (fo=8, routed)           1.867     3.361    bin_IBUF[6]
    SLICE_X0Y77          LUT5 (Prop_lut5_I4_O)        0.152     3.513 r  bcd_OBUF[4]_inst_i_4/O
                         net (fo=4, routed)           0.967     4.480    p_5_in
    SLICE_X0Y83          LUT6 (Prop_lut6_I0_O)        0.326     4.806 r  bcd_OBUF[3]_inst_i_1/O
                         net (fo=1, routed)           1.697     6.502    bcd_OBUF[3]
    N14                  OBUF (Prop_obuf_I_O)         3.551    10.053 r  bcd_OBUF[3]_inst/O
                         net (fo=0)                   0.000    10.053    bcd[3]
    N14                                                               r  bcd[3] (OUT)
  -------------------------------------------------------------------    -------------------

Slack:                    inf
  Source:                 bin[5]
                            (input port)
  Destination:            bcd[7]
                            (output port)
  Path Group:             (none)
  Path Type:              Max at Slow Process Corner
  Data Path Delay:        9.245ns  (logic 5.177ns (55.991%)  route 4.069ns (44.009%))
  Logic Levels:           3  (IBUF=1 LUT6=1 OBUF=1)

    Location             Delay type                Incr(ns)  Path(ns)    Netlist Resource(s)
  -------------------------------------------------------------------    -------------------
    T18                                               0.000     0.000 r  bin[5] (IN)
                         net (fo=0)                   0.000     0.000    bin[5]
    T18                  IBUF (Prop_ibuf_I_O)         1.497     1.497 r  bin_IBUF[5]_inst/O
                         net (fo=8, routed)           1.967     3.465    bin_IBUF[5]
    SLICE_X0Y75          LUT6 (Prop_lut6_I2_O)        0.124     3.589 r  bcd_OBUF[7]_inst_i_1/O
                         net (fo=1, routed)           2.101     5.690    bcd_OBUF[7]
    U16                  OBUF (Prop_obuf_I_O)         3.555     9.245 r  bcd_OBUF[7]_inst/O
                         net (fo=0)                   0.000     9.245    bcd[7]
    U16                                                               r  bcd[7] (OUT)
  -------------------------------------------------------------------    -------------------

Slack:                    inf
  Source:                 bin[2]
                            (input port)
  Destination:            bcd[5]
                            (output port)
  Path Group:             (none)
  Path Type:              Max at Slow Process Corner
  Data Path Delay:        9.042ns  (logic 5.161ns (57.078%)  route 3.881ns (42.923%))
  Logic Levels:           3  (IBUF=1 LUT6=1 OBUF=1)

    Location             Delay type                Incr(ns)  Path(ns)    Netlist Resource(s)
  -------------------------------------------------------------------    -------------------
    M13                                               0.000     0.000 r  bin[2] (IN)
                         net (fo=0)                   0.000     0.000    bin[2]
    M13                  IBUF (Prop_ibuf_I_O)         1.485     1.485 r  bin_IBUF[2]_inst/O
                         net (fo=9, routed)           1.914     3.399    bin_IBUF[2]
    SLICE_X0Y75          LUT6 (Prop_lut6_I0_O)        0.124     3.523 r  bcd_OBUF[5]_inst_i_1/O
                         net (fo=1, routed)           1.967     5.490    bcd_OBUF[5]
    V17                  OBUF (Prop_obuf_I_O)         3.552     9.042 r  bcd_OBUF[5]_inst/O
                         net (fo=0)                   0.000     9.042    bcd[5]
    V17                                                               r  bcd[5] (OUT)
  -------------------------------------------------------------------    -------------------

Slack:                    inf
  Source:                 bin[2]
                            (input port)
  Destination:            bcd[6]
                            (output port)
  Path Group:             (none)
  Path Type:              Max at Slow Process Corner
  Data Path Delay:        9.017ns  (logic 5.164ns (57.270%)  route 3.853ns (42.730%))
  Logic Levels:           3  (IBUF=1 LUT6=1 OBUF=1)

    Location             Delay type                Incr(ns)  Path(ns)    Netlist Resource(s)
  -------------------------------------------------------------------    -------------------
    M13                                               0.000     0.000 r  bin[2] (IN)
                         net (fo=0)                   0.000     0.000    bin[2]
    M13                  IBUF (Prop_ibuf_I_O)         1.485     1.485 r  bin_IBUF[2]_inst/O
                         net (fo=9, routed)           1.907     3.392    bin_IBUF[2]
    SLICE_X0Y75          LUT6 (Prop_lut6_I0_O)        0.124     3.516 r  bcd_OBUF[6]_inst_i_1/O
                         net (fo=1, routed)           1.946     5.462    bcd_OBUF[6]
    U17                  OBUF (Prop_obuf_I_O)         3.555     9.017 r  bcd_OBUF[6]_inst/O
                         net (fo=0)                   0.000     9.017    bcd[6]
    U17                                                               r  bcd[6] (OUT)
  -------------------------------------------------------------------    -------------------

Slack:                    inf
  Source:                 bin[5]
                            (input port)
  Destination:            bcd[8]
                            (output port)
  Path Group:             (none)
  Path Type:              Max at Slow Process Corner
  Data Path Delay:        8.977ns  (logic 5.169ns (57.583%)  route 3.808ns (42.417%))
  Logic Levels:           3  (IBUF=1 LUT6=1 OBUF=1)

    Location             Delay type                Incr(ns)  Path(ns)    Netlist Resource(s)
  -------------------------------------------------------------------    -------------------
    T18                                               0.000     0.000 r  bin[5] (IN)
                         net (fo=0)                   0.000     0.000    bin[5]
    T18                  IBUF (Prop_ibuf_I_O)         1.497     1.497 r  bin_IBUF[5]_inst/O
                         net (fo=8, routed)           1.762     3.259    bin_IBUF[5]
    SLICE_X0Y75          LUT6 (Prop_lut6_I2_O)        0.124     3.383 r  bcd_OBUF[8]_inst_i_1/O
                         net (fo=1, routed)           2.046     5.429    bcd_OBUF[8]
    V16                  OBUF (Prop_obuf_I_O)         3.548     8.977 r  bcd_OBUF[8]_inst/O
                         net (fo=0)                   0.000     8.977    bcd[8]
    V16                                                               r  bcd[8] (OUT)
  -------------------------------------------------------------------    -------------------

Slack:                    inf
  Source:                 bin[6]
                            (input port)
  Destination:            bcd[9]
                            (output port)
  Path Group:             (none)
  Path Type:              Max at Slow Process Corner
  Data Path Delay:        8.801ns  (logic 5.172ns (58.768%)  route 3.629ns (41.232%))
  Logic Levels:           3  (IBUF=1 LUT5=1 OBUF=1)

    Location             Delay type                Incr(ns)  Path(ns)    Netlist Resource(s)
  -------------------------------------------------------------------    -------------------
    U18                                               0.000     0.000 r  bin[6] (IN)
                         net (fo=0)                   0.000     0.000    bin[6]
    U18                  IBUF (Prop_ibuf_I_O)         1.494     1.494 r  bin_IBUF[6]_inst/O
                         net (fo=8, routed)           1.867     3.361    bin_IBUF[6]
    SLICE_X0Y77          LUT5 (Prop_lut5_I1_O)        0.124     3.485 r  bcd_OBUF[9]_inst_i_1/O
                         net (fo=1, routed)           1.762     5.247    bcd_OBUF[9]
    T15                  OBUF (Prop_obuf_I_O)         3.554     8.801 r  bcd_OBUF[9]_inst/O
                         net (fo=0)                   0.000     8.801    bcd[9]
    T15                                                               r  bcd[9] (OUT)
  -------------------------------------------------------------------    -------------------

Slack:                    inf
  Source:                 bin[0]
                            (input port)
  Destination:            bcd[0]
                            (output port)
  Path Group:             (none)
  Path Type:              Max at Slow Process Corner
  Data Path Delay:        7.321ns  (logic 4.998ns (68.267%)  route 2.323ns (31.733%))
  Logic Levels:           2  (IBUF=1 OBUF=1)

    Location             Delay type                Incr(ns)  Path(ns)    Netlist Resource(s)
  -------------------------------------------------------------------    -------------------
    J15                                               0.000     0.000 r  bin[0] (IN)
                         net (fo=0)                   0.000     0.000    bin[0]
    J15                  IBUF (Prop_ibuf_I_O)         1.478     1.478 r  bin_IBUF[0]_inst/O
                         net (fo=1, routed)           2.323     3.801    bcd_OBUF[0]
    H17                  OBUF (Prop_obuf_I_O)         3.520     7.321 r  bcd_OBUF[0]_inst/O
                         net (fo=0)                   0.000     7.321    bcd[0]
    H17                                                               r  bcd[0] (OUT)
  -------------------------------------------------------------------    -------------------





Min Delay Paths
--------------------------------------------------------------------------------------
Slack:                    inf
  Source:                 bin[0]
                            (input port)
  Destination:            bcd[0]
                            (output port)
  Path Group:             (none)
  Path Type:              Min at Fast Process Corner
  Data Path Delay:        1.996ns  (logic 1.467ns (73.487%)  route 0.529ns (26.513%))
  Logic Levels:           2  (IBUF=1 OBUF=1)

    Location             Delay type                Incr(ns)  Path(ns)    Netlist Resource(s)
  -------------------------------------------------------------------    -------------------
    J15                                               0.000     0.000 r  bin[0] (IN)
                         net (fo=0)                   0.000     0.000    bin[0]
    J15                  IBUF (Prop_ibuf_I_O)         0.245     0.245 r  bin_IBUF[0]_inst/O
                         net (fo=1, routed)           0.529     0.775    bcd_OBUF[0]
    H17                  OBUF (Prop_obuf_I_O)         1.221     1.996 r  bcd_OBUF[0]_inst/O
                         net (fo=0)                   0.000     1.996    bcd[0]
    H17                                                               r  bcd[0] (OUT)
  -------------------------------------------------------------------    -------------------

Slack:                    inf
  Source:                 bin[4]
                            (input port)
  Destination:            bcd[6]
                            (output port)
  Path Group:             (none)
  Path Type:              Min at Fast Process Corner
  Data Path Delay:        2.481ns  (logic 1.561ns (62.917%)  route 0.920ns (37.083%))
  Logic Levels:           3  (IBUF=1 LUT6=1 OBUF=1)

    Location             Delay type                Incr(ns)  Path(ns)    Netlist Resource(s)
  -------------------------------------------------------------------    -------------------
    R17                                               0.000     0.000 r  bin[4] (IN)
                         net (fo=0)                   0.000     0.000    bin[4]
    R17                  IBUF (Prop_ibuf_I_O)         0.260     0.260 r  bin_IBUF[4]_inst/O
                         net (fo=8, routed)           0.448     0.708    bin_IBUF[4]
    SLICE_X0Y75          LUT6 (Prop_lut6_I1_O)        0.045     0.753 r  bcd_OBUF[6]_inst_i_1/O
                         net (fo=1, routed)           0.472     1.225    bcd_OBUF[6]
    U17                  OBUF (Prop_obuf_I_O)         1.256     2.481 r  bcd_OBUF[6]_inst/O
                         net (fo=0)                   0.000     2.481    bcd[6]
    U17                                                               r  bcd[6] (OUT)
  -------------------------------------------------------------------    -------------------

Slack:                    inf
  Source:                 bin[4]
                            (input port)
  Destination:            bcd[9]
                            (output port)
  Path Group:             (none)
  Path Type:              Min at Fast Process Corner
  Data Path Delay:        2.493ns  (logic 1.560ns (62.596%)  route 0.932ns (37.404%))
  Logic Levels:           3  (IBUF=1 LUT5=1 OBUF=1)

    Location             Delay type                Incr(ns)  Path(ns)    Netlist Resource(s)
  -------------------------------------------------------------------    -------------------
    R17                                               0.000     0.000 r  bin[4] (IN)
                         net (fo=0)                   0.000     0.000    bin[4]
    R17                  IBUF (Prop_ibuf_I_O)         0.260     0.260 r  bin_IBUF[4]_inst/O
                         net (fo=8, routed)           0.536     0.797    bin_IBUF[4]
    SLICE_X0Y77          LUT5 (Prop_lut5_I4_O)        0.045     0.842 r  bcd_OBUF[9]_inst_i_1/O
                         net (fo=1, routed)           0.396     1.238    bcd_OBUF[9]
    T15                  OBUF (Prop_obuf_I_O)         1.255     2.493 r  bcd_OBUF[9]_inst/O
                         net (fo=0)                   0.000     2.493    bcd[9]
    T15                                                               r  bcd[9] (OUT)
  -------------------------------------------------------------------    -------------------

Slack:                    inf
  Source:                 bin[4]
                            (input port)
  Destination:            bcd[5]
                            (output port)
  Path Group:             (none)
  Path Type:              Min at Fast Process Corner
  Data Path Delay:        2.499ns  (logic 1.558ns (62.348%)  route 0.941ns (37.652%))
  Logic Levels:           3  (IBUF=1 LUT6=1 OBUF=1)

    Location             Delay type                Incr(ns)  Path(ns)    Netlist Resource(s)
  -------------------------------------------------------------------    -------------------
    R17                                               0.000     0.000 r  bin[4] (IN)
                         net (fo=0)                   0.000     0.000    bin[4]
    R17                  IBUF (Prop_ibuf_I_O)         0.260     0.260 r  bin_IBUF[4]_inst/O
                         net (fo=8, routed)           0.459     0.719    bin_IBUF[4]
    SLICE_X0Y75          LUT6 (Prop_lut6_I1_O)        0.045     0.764 r  bcd_OBUF[5]_inst_i_1/O
                         net (fo=1, routed)           0.482     1.246    bcd_OBUF[5]
    V17                  OBUF (Prop_obuf_I_O)         1.252     2.499 r  bcd_OBUF[5]_inst/O
                         net (fo=0)                   0.000     2.499    bcd[5]
    V17                                                               r  bcd[5] (OUT)
  -------------------------------------------------------------------    -------------------

Slack:                    inf
  Source:                 bin[1]
                            (input port)
  Destination:            bcd[3]
                            (output port)
  Path Group:             (none)
  Path Type:              Min at Fast Process Corner
  Data Path Delay:        2.539ns  (logic 1.544ns (60.787%)  route 0.996ns (39.213%))
  Logic Levels:           3  (IBUF=1 LUT6=1 OBUF=1)

    Location             Delay type                Incr(ns)  Path(ns)    Netlist Resource(s)
  -------------------------------------------------------------------    -------------------
    L16                                               0.000     0.000 r  bin[1] (IN)
                         net (fo=0)                   0.000     0.000    bin[1]
    L16                  IBUF (Prop_ibuf_I_O)         0.247     0.247 r  bin_IBUF[1]_inst/O
                         net (fo=4, routed)           0.651     0.899    bin_IBUF[1]
    SLICE_X0Y83          LUT6 (Prop_lut6_I1_O)        0.045     0.944 r  bcd_OBUF[3]_inst_i_1/O
                         net (fo=1, routed)           0.345     1.288    bcd_OBUF[3]
    N14                  OBUF (Prop_obuf_I_O)         1.251     2.539 r  bcd_OBUF[3]_inst/O
                         net (fo=0)                   0.000     2.539    bcd[3]
    N14                                                               r  bcd[3] (OUT)
  -------------------------------------------------------------------    -------------------

Slack:                    inf
  Source:                 bin[4]
                            (input port)
  Destination:            bcd[8]
                            (output port)
  Path Group:             (none)
  Path Type:              Min at Fast Process Corner
  Data Path Delay:        2.581ns  (logic 1.554ns (60.205%)  route 1.027ns (39.795%))
  Logic Levels:           3  (IBUF=1 LUT6=1 OBUF=1)

    Location             Delay type                Incr(ns)  Path(ns)    Netlist Resource(s)
  -------------------------------------------------------------------    -------------------
    R17                                               0.000     0.000 r  bin[4] (IN)
                         net (fo=0)                   0.000     0.000    bin[4]
    R17                  IBUF (Prop_ibuf_I_O)         0.260     0.260 r  bin_IBUF[4]_inst/O
                         net (fo=8, routed)           0.513     0.773    bin_IBUF[4]
    SLICE_X0Y75          LUT6 (Prop_lut6_I0_O)        0.045     0.818 r  bcd_OBUF[8]_inst_i_1/O
                         net (fo=1, routed)           0.514     1.332    bcd_OBUF[8]
    V16                  OBUF (Prop_obuf_I_O)         1.248     2.581 r  bcd_OBUF[8]_inst/O
                         net (fo=0)                   0.000     2.581    bcd[8]
    V16                                                               r  bcd[8] (OUT)
  -------------------------------------------------------------------    -------------------

Slack:                    inf
  Source:                 bin[1]
                            (input port)
  Destination:            bcd[4]
                            (output port)
  Path Group:             (none)
  Path Type:              Min at Fast Process Corner
  Data Path Delay:        2.610ns  (logic 1.545ns (59.199%)  route 1.065ns (40.801%))
  Logic Levels:           3  (IBUF=1 LUT6=1 OBUF=1)

    Location             Delay type                Incr(ns)  Path(ns)    Netlist Resource(s)
  -------------------------------------------------------------------    -------------------
    L16                                               0.000     0.000 r  bin[1] (IN)
                         net (fo=0)                   0.000     0.000    bin[1]
    L16                  IBUF (Prop_ibuf_I_O)         0.247     0.247 r  bin_IBUF[1]_inst/O
                         net (fo=4, routed)           0.648     0.896    bin_IBUF[1]
    SLICE_X0Y83          LUT6 (Prop_lut6_I5_O)        0.045     0.941 r  bcd_OBUF[4]_inst_i_1/O
                         net (fo=1, routed)           0.416     1.357    bcd_OBUF[4]
    R18                  OBUF (Prop_obuf_I_O)         1.252     2.610 r  bcd_OBUF[4]_inst/O
                         net (fo=0)                   0.000     2.610    bcd[4]
    R18                                                               r  bcd[4] (OUT)
  -------------------------------------------------------------------    -------------------

Slack:                    inf
  Source:                 bin[4]
                            (input port)
  Destination:            bcd[7]
                            (output port)
  Path Group:             (none)
  Path Type:              Min at Fast Process Corner
  Data Path Delay:        2.610ns  (logic 1.561ns (59.810%)  route 1.049ns (40.190%))
  Logic Levels:           3  (IBUF=1 LUT6=1 OBUF=1)

    Location             Delay type                Incr(ns)  Path(ns)    Netlist Resource(s)
  -------------------------------------------------------------------    -------------------
    R17                                               0.000     0.000 r  bin[4] (IN)
                         net (fo=0)                   0.000     0.000    bin[4]
    R17                  IBUF (Prop_ibuf_I_O)         0.260     0.260 r  bin_IBUF[4]_inst/O
                         net (fo=8, routed)           0.516     0.776    bin_IBUF[4]
    SLICE_X0Y75          LUT6 (Prop_lut6_I4_O)        0.045     0.821 r  bcd_OBUF[7]_inst_i_1/O
                         net (fo=1, routed)           0.533     1.354    bcd_OBUF[7]
    U16                  OBUF (Prop_obuf_I_O)         1.256     2.610 r  bcd_OBUF[7]_inst/O
                         net (fo=0)                   0.000     2.610    bcd[7]
    U16                                                               r  bcd[7] (OUT)
  -------------------------------------------------------------------    -------------------

Slack:                    inf
  Source:                 bin[1]
                            (input port)
  Destination:            bcd[1]
                            (output port)
  Path Group:             (none)
  Path Type:              Min at Fast Process Corner
  Data Path Delay:        2.675ns  (logic 1.529ns (57.139%)  route 1.147ns (42.861%))
  Logic Levels:           3  (IBUF=1 LUT6=1 OBUF=1)

    Location             Delay type                Incr(ns)  Path(ns)    Netlist Resource(s)
  -------------------------------------------------------------------    -------------------
    L16                                               0.000     0.000 r  bin[1] (IN)
                         net (fo=0)                   0.000     0.000    bin[1]
    L16                  IBUF (Prop_ibuf_I_O)         0.247     0.247 r  bin_IBUF[1]_inst/O
                         net (fo=4, routed)           0.578     0.825    bin_IBUF[1]
    SLICE_X0Y83          LUT6 (Prop_lut6_I4_O)        0.045     0.870 r  bcd_OBUF[1]_inst_i_1/O
                         net (fo=1, routed)           0.569     1.439    bcd_OBUF[1]
    K15                  OBUF (Prop_obuf_I_O)         1.236     2.675 r  bcd_OBUF[1]_inst/O
                         net (fo=0)                   0.000     2.675    bcd[1]
    K15                                                               r  bcd[1] (OUT)
  -------------------------------------------------------------------    -------------------

Slack:                    inf
  Source:                 bin[1]
                            (input port)
  Destination:            bcd[2]
                            (output port)
  Path Group:             (none)
  Path Type:              Min at Fast Process Corner
  Data Path Delay:        2.883ns  (logic 1.546ns (53.617%)  route 1.337ns (46.383%))
  Logic Levels:           3  (IBUF=1 LUT6=1 OBUF=1)

    Location             Delay type                Incr(ns)  Path(ns)    Netlist Resource(s)
  -------------------------------------------------------------------    -------------------
    L16                                               0.000     0.000 r  bin[1] (IN)
                         net (fo=0)                   0.000     0.000    bin[1]
    L16                  IBUF (Prop_ibuf_I_O)         0.247     0.247 r  bin_IBUF[1]_inst/O
                         net (fo=4, routed)           0.579     0.826    bin_IBUF[1]
    SLICE_X0Y83          LUT6 (Prop_lut6_I1_O)        0.045     0.871 r  bcd_OBUF[2]_inst_i_1/O
                         net (fo=1, routed)           0.758     1.630    bcd_OBUF[2]
    J13                  OBUF (Prop_obuf_I_O)         1.253     2.883 r  bcd_OBUF[2]_inst/O
                         net (fo=0)                   0.000     2.883    bcd[2]
    J13                                                               r  bcd[2] (OUT)
  -------------------------------------------------------------------    -------------------





