#-----------------------------------------------------------
# Vivado v2023.2 (64-bit)
# SW Build 4029153 on Fri Oct 13 20:14:34 MDT 2023
# IP Build 4028589 on Sat Oct 14 00:45:43 MDT 2023
# SharedData Build 4025554 on Tue Oct 10 17:18:54 MDT 2023
# Start of session at: Tue Jun  4 16:28:38 2024
# Process ID: 10184
# Current directory: D:/project/automat_bilete_tren
# Command line: vivado.exe -gui_launcher_event rodinguilauncherevent10484 D:\project\automat_bilete_tren\automat_bilete_tren.xpr
# Log file: D:/project/automat_bilete_tren/vivado.log
# Journal file: D:/project/automat_bilete_tren\vivado.jou
# Running On: DESKTOP-L0OVVNR, OS: Windows, CPU Frequency: 1800 MHz, CPU Physical cores: 4, Host memory: 8496 MB
#-----------------------------------------------------------
start_gui
open_project D:/project/automat_bilete_tren/automat_bilete_tren.xpr
update_compile_order -fileset sources_1
open_hw_manager
connect_hw_server -allow_non_jtag
open_hw_target
set_property PROGRAM.FILE {D:/project/automat_bilete_tren/automat_bilete_tren.runs/impl_1/automat_bilete_tren.bit} [get_hw_devices xc7a100t_0]
current_hw_device [get_hw_devices xc7a100t_0]
refresh_hw_device -update_hw_probes false [lindex [get_hw_devices xc7a100t_0] 0]
set_property PROBES.FILE {} [get_hw_devices xc7a100t_0]
set_property FULL_PROBES.FILE {} [get_hw_devices xc7a100t_0]
set_property PROGRAM.FILE {D:/project/automat_bilete_tren/automat_bilete_tren.runs/impl_1/automat_bilete_tren.bit} [get_hw_devices xc7a100t_0]
program_hw_devices [get_hw_devices xc7a100t_0]
refresh_hw_device [lindex [get_hw_devices xc7a100t_0] 0]
close_hw_manager
